name = "basic_map"
width = 5
height = 5

[[locations]]
x = 0
y = 0
terrain = "Plains"
[[locations]]
x = 0
y = 1
terrain = "Hills"
[[locations]]
x = 0
y = 2
terrain = "Plains"
[[locations]]
x = 0
y = 3
terrain = "Plains"
[[locations]]
x = 0
y = 4
terrain = "Plains"
[[locations]]
x = 0
y = 5
terrain = "Plains"
[[locations]]
x = 1
y = 0
terrain = "Plains"
[[locations]]
x = 1
y = 1
terrain = "Plains"
[[locations]]
x = 1
y = 2
terrain = "Forest"
[[locations]]
x = 1
y = 3
terrain = "Water"
[[locations]]
x = 1
y = 4
terrain = "Plains"
[[locations]]
x = 1
y = 5
terrain = "Plains"
[[locations]]
x = 2
y = 0
terrain = "Plains"
[[locations]]
x = 2
y = 1
terrain = "Plains"
[[locations]]
x = 2
y = 2
terrain = "Plains"
[[locations]]
x = 2
y = 3
terrain = "Plains"
[[locations]]
x = 2 
y = 4 
terrain = "Plains"
[[locations]]
x = 2
y = 5
terrain = "Plains"
[[locations]]
x = 3
y = 0
terrain = "Plains"
[[locations]]
x = 3
y = 1
terrain = "Plains"
[[locations]]
x = 3
y = 2
terrain = "Plains"
[[locations]]
x = 3
y = 3
terrain = "Forest"
[[locations]]
x = 3
y = 4
terrain = "Plains"
[[locations]]
x = 3
y = 5
terrain = "Plains"
[[locations]]
x = 4
y = 0
terrain = "Plains"
[[locations]]
x = 4
y = 1
terrain = "Plains"
[[locations]]
x = 4
y = 2
terrain = "Plains"
[[locations]]
x = 4
y = 3
terrain = "Plains"
[[locations]]
x = 4
y = 4
terrain = "Plains"
[[locations]]
x = 4
y = 5
terrain = "Plains"
[[locations]]
x = 5
y = 0
terrain = "Plains"
[[locations]]
x = 5
y = 1
terrain = "Plains"
[[locations]]
x = 5
y = 2
terrain = "Plains"
[[locations]]
x = 5
y = 3
terrain = "Plains"
[[locations]]
x = 5
y = 4
terrain = "Plains"
[[locations]]
x = 5
y = 5
terrain = "Plains"

[[offmap_locations]]
name = "SU Reserve"
terrain = "Urban"

[[offmap_locations]]
name = "GE Reserve"
terrain = "Urban"
